============================= test session starts =============================
platform win32 -- Python 3.12.3, pytest-9.0.2, pluggy-1.6.0 -- c:\Users\ABDULLAH\OneDrive\Desktop\YouBot\.venv\Scripts\python.exe
cachedir: .pytest_cache
rootdir: c:\Users\ABDULLAH\OneDrive\Desktop\YouBot\langgraph_agent
plugins: anyio-4.13.0, langsmith-0.7.24, asyncio-1.3.0, cov-7.1.0
asyncio: mode=Mode.STRICT, debug=False, asyncio_default_fixture_loop_scope=None, asyncio_default_test_loop_scope=function
collecting ... collected 3 items

tests/test_phase6_enterprise_stabilization.py::test_admin_mcp_server_rejection_stdio FAILED [ 33%]
tests/test_phase6_enterprise_stabilization.py::test_mcp_client_pool_is_singleton PASSED [ 66%]
tests/test_phase6_enterprise_stabilization.py::test_async_mysql_saver_checkpointing FAILED [100%]

================================== FAILURES ===================================
____________________ test_admin_mcp_server_rejection_stdio ____________________

app_client = (<starlette.testclient.TestClient object at 0x0000020CB321CC50>, <module 'app' from 'c:\\Users\\ABDULLAH\\OneDrive\\Desktop\\YouBot\\langgraph_agent\\app.py'>)

    def test_admin_mcp_server_rejection_stdio(app_client):
        client, app_module = app_client
    
        # Try creating an stdio server
        post_payload = {
            "name": "Local Shell Server",
            "connection_type": "stdio",
            "connection_url": "python -m some_local_server",
            "config_json": "{}"
        }
        post_resp = client.post("/admin/workspaces/workspace_test/mcp-servers", headers=ADMIN_HEADERS, json=post_payload)
    
        # It must be rejected because standard I/O opens unmonitored sub-processes
>       assert post_resp.status_code == 400
E       assert 422 == 400
E        +  where 422 = <Response [422 Unprocessable Entity]>.status_code

tests\test_phase6_enterprise_stabilization.py:49: AssertionError
---------------------------- Captured stderr setup ----------------------------
2026-04-19 14:08:25.987 | INFO     | utils.faq_cache:__init__:55 - Enhanced FAQ Cache initialized: max_size=2000, ttl=24h, multilingual=True, semantic=True
____________________ test_async_mysql_saver_checkpointing _____________________

    @pytest.mark.asyncio
    async def test_async_mysql_saver_checkpointing():
        # Because we are testing against a LIVE DB context as requested by the user:
        saver = AsyncMySQLSaver()
        thread_config = {"configurable": {"thread_id": "test_thread_12345"}}
    
        checkpoint_mock = {
            "v": 1,
            "id": "chk_001",
            "ts": "2026-04-18T10:00:00Z",
            "channel_values": {"messages": []},
            "channel_versions": {},
            "versions_seen": {}
        }
    
        metadata_mock = {
            "source": "loop", "step": 1
        }
    
        # Save the blob into the database (MySQL / Supabase active daemon)
>       res = await saver.aput(thread_config, checkpoint_mock, metadata_mock, {})
              ^^^^^^^^^^^^^^^^^^^^^^^^^^^^^^^^^^^^^^^^^^^^^^^^^^^^^^^^^^^^^^^^^^^

tests\test_phase6_enterprise_stabilization.py:78: 
_ _ _ _ _ _ _ _ _ _ _ _ _ _ _ _ _ _ _ _ _ _ _ _ _ _ _ _ _ _ _ _ _ _ _ _ _ _ _ _

self = <database.checkpointer.AsyncMySQLSaver object at 0x0000020CCFF05190>
config = {'configurable': {'thread_id': 'test_thread_12345'}}
checkpoint = {'channel_values': {'messages': []}, 'channel_versions': {}, 'id': 'chk_001', 'ts': '2026-04-18T10:00:00Z', ...}
metadata = {'source': 'loop', 'step': 1}, new_versions = {}

    async def aput(self, config: dict, checkpoint: Checkpoint, metadata: CheckpointMetadata, new_versions: dict) -> dict:
        thread_id = config["configurable"]["thread_id"]
        checkpoint_id = checkpoint["id"]
        parent_checkpoint_id = config["configurable"].get("checkpoint_id")
    
        async with get_async_session() as session:
            new_row = LangGraphCheckpoint(
                thread_id=thread_id,
                checkpoint_id=checkpoint_id,
                parent_checkpoint_id=parent_checkpoint_id,
>               checkpoint_blob=self.serde.dumps(checkpoint),
                                ^^^^^^^^^^^^^^^^
                metadata_blob=self.serde.dumps(metadata)
            )
E           AttributeError: 'JsonPlusSerializer' object has no attribute 'dumps'

database\checkpointer.py:42: AttributeError
============================== warnings summary ===============================
config.py:12
  c:\Users\ABDULLAH\OneDrive\Desktop\YouBot\langgraph_agent\config.py:12: PydanticDeprecatedSince20: Support for class-based `config` is deprecated, use ConfigDict instead. Deprecated in Pydantic V2.0 to be removed in V3.0. See Pydantic V2 Migration Guide at https://errors.pydantic.dev/2.12/migration/
    class Settings(BaseSettings):

tests/test_phase6_enterprise_stabilization.py::test_admin_mcp_server_rejection_stdio
  c:\Users\ABDULLAH\OneDrive\Desktop\YouBot\langgraph_agent\app.py:185: DeprecationWarning: 
          on_event is deprecated, use lifespan event handlers instead.
  
          Read more about it in the
          [FastAPI docs for Lifespan Events](https://fastapi.tiangolo.com/advanced/events/).
          
    @app.on_event("startup")

tests/test_phase6_enterprise_stabilization.py::test_admin_mcp_server_rejection_stdio
tests/test_phase6_enterprise_stabilization.py::test_admin_mcp_server_rejection_stdio
  c:\Users\ABDULLAH\OneDrive\Desktop\YouBot\.venv\Lib\site-packages\fastapi\applications.py:4598: DeprecationWarning: 
          on_event is deprecated, use lifespan event handlers instead.
  
          Read more about it in the
          [FastAPI docs for Lifespan Events](https://fastapi.tiangolo.com/advanced/events/).
          
    return self.router.on_event(event_type)  # ty: ignore[deprecated]

tests/test_phase6_enterprise_stabilization.py::test_admin_mcp_server_rejection_stdio
  c:\Users\ABDULLAH\OneDrive\Desktop\YouBot\langgraph_agent\app.py:215: DeprecationWarning: 
          on_event is deprecated, use lifespan event handlers instead.
  
          Read more about it in the
          [FastAPI docs for Lifespan Events](https://fastapi.tiangolo.com/advanced/events/).
          
    @app.on_event("shutdown")

tests/test_phase6_enterprise_stabilization.py::test_admin_mcp_server_rejection_stdio
  c:\Users\ABDULLAH\OneDrive\Desktop\YouBot\langgraph_agent\app.py:225: PydanticDeprecatedSince20: Support for class-based `config` is deprecated, use ConfigDict instead. Deprecated in Pydantic V2.0 to be removed in V3.0. See Pydantic V2 Migration Guide at https://errors.pydantic.dev/2.12/migration/
    class MessageRequest(BaseModel):

tests/test_phase6_enterprise_stabilization.py::test_admin_mcp_server_rejection_stdio
  c:\Users\ABDULLAH\OneDrive\Desktop\YouBot\langgraph_agent\routers\admin_api.py:44: PydanticDeprecatedSince20: Support for class-based `config` is deprecated, use ConfigDict instead. Deprecated in Pydantic V2.0 to be removed in V3.0. See Pydantic V2 Migration Guide at https://errors.pydantic.dev/2.12/migration/
    class WorkspaceLLMConfigRequest(BaseModel):

tests/test_phase6_enterprise_stabilization.py::test_admin_mcp_server_rejection_stdio
  c:\Users\ABDULLAH\OneDrive\Desktop\YouBot\langgraph_agent\routers\admin_api.py:244: PydanticDeprecatedSince20: Support for class-based `config` is deprecated, use ConfigDict instead. Deprecated in Pydantic V2.0 to be removed in V3.0. See Pydantic V2 Migration Guide at https://errors.pydantic.dev/2.12/migration/
    class ProviderModelsRequest(BaseModel):

tests/test_phase6_enterprise_stabilization.py::test_admin_mcp_server_rejection_stdio
  c:\Users\ABDULLAH\OneDrive\Desktop\YouBot\langgraph_agent\app.py:549: PydanticDeprecatedSince20: Support for class-based `config` is deprecated, use ConfigDict instead. Deprecated in Pydantic V2.0 to be removed in V3.0. See Pydantic V2 Migration Guide at https://errors.pydantic.dev/2.12/migration/
    class AnalyticsAlertRuleRequest(BaseModel):

-- Docs: https://docs.pytest.org/en/stable/how-to/capture-warnings.html
=========================== short test summary info ===========================
FAILED tests/test_phase6_enterprise_stabilization.py::test_admin_mcp_server_rejection_stdio
FAILED tests/test_phase6_enterprise_stabilization.py::test_async_mysql_saver_checkpointing
================== 2 failed, 1 passed, 9 warnings in 20.01s ===================
